// Jest Snapshot v1, https://goo.gl/fbAQLP

exports[`renders without crashing 1`] = `
<styled.div>
  <styled.header>
    <styled.h1>
      Eat Pizza
    </styled.h1>
  </styled.header>
  <Switch>
    <Route
      component={[Function]}
      exact={true}
      path="/"
    />
    <Route
      component={[Function]}
      exact={true}
      path="/restaurants/:city/:postCode"
    />
    <Route
      component={[Function]}
      exact={true}
      path="/restaurant/:id"
    />
    <Route
      component={[Function]}
      path="*"
    />
  </Switch>
</styled.div>
`;
